12:03:45.123456789 [Warn  ] [MODULE1] dawdadaw
12:03:45.123456789 [Info  ] [MODULE1] oioioioio
dwadawdawdawdaw
12:03:45.123456789 [Warn  ] [MODULE2] dawdadaw
12:03:45.123456789 [Info  ] [MODULE2] oioioioio
dwadawdawdawdaw
12:03:45.123456789 [Warn  ] [MODULE3] dawdadaw
12:03:45.123456789 [Info  ] [MODULE3] oioioioio
dwadawdawdawdaw
12:03:45.123456789 [Error ] [MODULE1] oioioioio
12:03:45.123456789 [Warn  ] [MODULE1] dawdadaw
12:03:45.123456789 [Info  ] [MODULE1] oioioioio
12:03:45.123456789 [Warn  ] [MODULE1] dawdadaw
12:03:45.123456789 [Error ] [MODULE1] oioioioio
dawdadawdaw
12:03:45.123456789 [Warn  ] [MODULE3] dawdadaw
12:03:45.123456789 [Info  ] [MODULE3] oioioioio
